{
 "id": "KCI_FI001238691",
 "wall": 19.49,
 "errors": [
  "ODL 실패(원본): 6초 초과",
  "ODL 실패(fitz 재저장본): 6초 초과",
  "ODL 실패 — fitz 텍스트로 대체"
 ],
 "fallback": "fitz",
 "pages": 1,
 "odl_seconds": 12.01,
 "java_after": [],
 "zombies_after": [],
 "tmp_leftover": [
  "/tmp/hsperfdata_root/76"
 ],
 "logs": [
  "[KCI_FI001238691] ODL 6.0초 / 상한 6초",
  "[KCI_FI001238691] ODL 실패(6초 초과) — fitz 재저장본으로 한 번 더",
  "[KCI_FI001238691] ODL 6.0초 / 상한 6초",
  "[KCI_FI001238691] ODL 실패 — fitz 텍스트 1쪽으로 대체"
 ],
 "peak_java_rss_mb": 9721,
 "peak_at_s": 17.59,
 "max_java_procs": 1,
 "peak_cgroup_mb": 9799,
 "trace": [
  [
   0.0,
   0,
   0
  ],
  [
   0.25,
   1,
   83
  ],
  [
   0.5,
   1,
   201
  ],
  [
   0.75,
   1,
   620
  ],
  [
   1.0,
   1,
   961
  ],
  [
   1.25,
   1,
   1354
  ],
  [
   1.5,
   1,
   1657
  ],
  [
   1.76,
   1,
   1949
  ],
  [
   2.01,
   1,
   2189
  ],
  [
   2.26,
   1,
   2468
  ],
  [
   2.51,
   1,
   3409
  ],
  [
   2.76,
   1,
   3956
  ],
  [
   3.01,
   1,
   4295
  ],
  [
   3.26,
   1,
   5269
  ],
  [
   3.51,
   1,
   5701
  ],
  [
   3.76,
   1,
   5898
  ],
  [
   4.01,
   1,
   6364
  ],
  [
   4.26,
   1,
   6623
  ],
  [
   4.51,
   1,
   7021
  ],
  [
   4.76,
   1,
   8066
  ],
  [
   5.01,
   1,
   8122
  ],
  [
   5.26,
   1,
   8216
  ],
  [
   5.52,
   1,
   8479
  ],
  [
   5.77,
   1,
   8750
  ],
  [
   6.02,
   1,
   9122
  ],
  [
   11.83,
   0,
   0
  ],
  [
   12.08,
   1,
   104
  ],
  [
   12.33,
   1,
   387
  ],
  [
   12.58,
   1,
   922
  ],
  [
   12.83,
   1,
   1377
  ],
  [
   13.08,
   1,
   1845
  ],
  [
   13.33,
   1,
   2176
  ],
  [
   13.58,
   1,
   2535
  ],
  [
   13.83,
   1,
   3346
  ],
  [
   14.08,
   1,
   4175
  ],
  [
   14.33,
   1,
   4670
  ],
  [
   14.58,
   1,
   5505
  ],
  [
   14.83,
   1,
   5919
  ],
  [
   15.08,
   1,
   6373
  ],
  [
   15.33,
   1,
   6618
  ],
  [
   15.59,
   1,
   6877
  ],
  [
   15.84,
   1,
   7749
  ],
  [
   16.09,
   1,
   8034
  ],
  [
   16.34,
   1,
   8195
  ],
  [
   16.59,
   1,
   8528
  ],
  [
   16.84,
   1,
   8793
  ],
  [
   17.09,
   1,
   9056
  ],
  [
   17.34,
   1,
   9410
  ],
  [
   17.59,
   1,
   9721
  ],
  [
   19.32,
   0,
   0
  ],
  [
   19.57,
   0,
   0
  ],
  [
   19.82,
   0,
   0
  ],
  [
   20.07,
   0,
   0
  ],
  [
   20.32,
   0,
   0
  ]
 ]
}
