{
 "id": "KCI_FI002252358",
 "wall": 3.53,
 "errors": [],
 "fallback": null,
 "pages": 30,
 "odl_seconds": 3.51,
 "java_after": [],
 "zombies_after": [],
 "tmp_leftover": [],
 "logs": [
  "[KCI_FI002252358] ODL 3.5초 / 상한 4초",
  "[KCI_FI002252358] OpenDataLoader 추출 완료 — {'total': 30, 'opendataloader': 30, 'errors': 0}, 표충전율={24: 0.0, 284: 0.0, 288: 0.0}"
 ],
 "peak_java_rss_mb": 1053,
 "peak_at_s": 3.26,
 "max_java_procs": 1,
 "peak_cgroup_mb": 1100,
 "trace": [
  [
   0.0,
   0,
   0
  ],
  [
   0.25,
   1,
   73
  ],
  [
   0.5,
   1,
   123
  ],
  [
   0.75,
   1,
   220
  ],
  [
   1.0,
   1,
   318
  ],
  [
   1.25,
   1,
   380
  ],
  [
   1.5,
   1,
   511
  ],
  [
   1.75,
   1,
   603
  ],
  [
   2.01,
   1,
   606
  ],
  [
   2.26,
   1,
   672
  ],
  [
   2.51,
   1,
   779
  ],
  [
   2.76,
   1,
   797
  ],
  [
   3.01,
   1,
   922
  ],
  [
   3.26,
   1,
   1053
  ],
  [
   3.51,
   1,
   0
  ],
  [
   3.76,
   0,
   0
  ],
  [
   4.01,
   0,
   0
  ],
  [
   4.26,
   0,
   0
  ],
  [
   4.51,
   0,
   0
  ]
 ]
}
