{
 "id": "KCI_FI001238691",
 "wall": 85.55,
 "errors": [
  "ODL 실패(원본): 39초 초과",
  "ODL 실패(fitz 재저장본): 39초 초과",
  "ODL 실패 — fitz 텍스트로 대체"
 ],
 "fallback": "fitz",
 "pages": 1,
 "odl_seconds": 78.09,
 "java_after": [],
 "zombies_after": [],
 "tmp_leftover": [
  "/tmp/hsperfdata_root/70"
 ],
 "logs": [
  "[KCI_FI001238691] ODL 39.0초 / 상한 39초",
  "[KCI_FI001238691] ODL 실패(39초 초과) — fitz 재저장본으로 한 번 더",
  "[KCI_FI001238691] ODL 39.0초 / 상한 39초",
  "[KCI_FI001238691] ODL 실패 — fitz 텍스트 1쪽으로 대체"
 ],
 "peak_java_rss_mb": 5925,
 "peak_at_s": 83.72,
 "max_java_procs": 1,
 "peak_cgroup_mb": 5992,
 "trace": [
  [
   0.0,
   0,
   0
  ],
  [
   1.76,
   1,
   1049
  ],
  [
   3.51,
   1,
   2086
  ],
  [
   5.26,
   1,
   3337
  ],
  [
   7.02,
   1,
   4357
  ],
  [
   8.77,
   1,
   4392
  ],
  [
   10.53,
   1,
   4392
  ],
  [
   12.28,
   1,
   4392
  ],
  [
   14.04,
   1,
   4392
  ],
  [
   15.79,
   1,
   4392
  ],
  [
   17.55,
   1,
   4392
  ],
  [
   19.3,
   1,
   4392
  ],
  [
   21.05,
   1,
   4383
  ],
  [
   22.81,
   1,
   4383
  ],
  [
   24.56,
   1,
   4383
  ],
  [
   26.32,
   1,
   4383
  ],
  [
   28.07,
   1,
   4383
  ],
  [
   29.83,
   1,
   4383
  ],
  [
   31.58,
   1,
   4383
  ],
  [
   33.34,
   1,
   4383
  ],
  [
   35.09,
   1,
   4383
  ],
  [
   36.85,
   1,
   4390
  ],
  [
   38.6,
   1,
   4390
  ],
  [
   46.12,
   1,
   996
  ],
  [
   47.88,
   1,
   2572
  ],
  [
   49.63,
   1,
   4454
  ],
  [
   51.39,
   1,
   5382
  ],
  [
   53.14,
   1,
   5555
  ],
  [
   54.9,
   1,
   5616
  ],
  [
   56.65,
   1,
   5616
  ],
  [
   58.41,
   1,
   5620
  ],
  [
   60.16,
   1,
   5609
  ],
  [
   61.92,
   1,
   5613
  ],
  [
   63.67,
   1,
   5658
  ],
  [
   65.43,
   1,
   5655
  ],
  [
   67.18,
   1,
   5658
  ],
  [
   68.93,
   1,
   5660
  ],
  [
   70.69,
   1,
   5662
  ],
  [
   72.44,
   1,
   5670
  ],
  [
   74.2,
   1,
   5681
  ],
  [
   75.95,
   1,
   5700
  ],
  [
   77.71,
   1,
   5859
  ],
  [
   79.46,
   1,
   5869
  ],
  [
   81.22,
   1,
   5919
  ],
  [
   82.97,
   1,
   5923
  ],
  [
   86.06,
   0,
   0
  ]
 ]
}
