[KCI_FI002029401] ODL 실패(ODL 변환 실패(exit 1): Error running opendataloader-pdf CLI. | Error: Could not create the Java Virtual Machine. | Error: A fatal exception has occurred. Program will exit. | raise CalledProcessError(retcode, process.args, | f-cli.jar', '/pdf/KCI_FI002029401.pdf', '--output-dir', '/tmp/tmpfuq1u_dj', '--format', 'markdown,json', '--quiet', '--table-method', 'cluster', '--markdown-page-separator', '\n<<<ODL_PAGE_BREAK_%page-number%>>>\n', '--image-output', 'off', '--image-format', 'jpeg']' returned non-zero exit status 1.) — fitz 재저장본으로 한 번 더
[KCI_FI002029401] ODL 실패 — fitz 텍스트 20쪽으로 대체
{
 "label": "typo",
 "jto": "-Xmx2gb",
 "docs": [
  {
   "id": "KCI_FI002029401",
   "fallback": "fitz",
   "errors": [
    "ODL 실패(원본): ODL 변환 실패(exit 1): Error running opendataloader-pdf CLI. | Error: Could not create the Java Virtual Machine. | Error: A fatal exception has occurred. Program will exit. | raise CalledProcessError(retcode, process.args, | f-cli.jar', '/pdf/KCI_FI002029401.pdf', '--output-dir', '/tmp/tmpfuq1u_dj', '--format', 'markdown,json', '--quiet', '--table-method', 'cluster', '--markdown-page-separator', '\\n<<<ODL_PAGE_BREAK_%page-number%>>>\\n', '--image-output', 'off', '--image-format', 'jpeg']' returned non-zero exit status 1.",
    "ODL 실패(fitz 재저장본): ODL 변환 실패(exit 1): Error running opendataloader-pdf CLI. | Error: Could not create the Java Virtual Machine. | Error: A fatal exception has occurred. Program will exit. | raise CalledProcessError(retcode, process.args, | r-pdf-cli.jar', '/tmp/tmpxfnx6gxd.pdf', '--output-dir', '/tmp/tmpem76on0t', '--format', 'markdown,json', '--quiet', '--table-method', 'cluster', '--markdown-page-separator', '\\n<<<ODL_PAGE_BREAK_%page-number%>>>\\n', '--image-output', 'off', '--image-format', 'jpeg']' returned non-zero exit status 1.",
    "ODL 실패 — fitz 텍스트로 대체"
   ],
   "n_pages": 20,
   "attempts": [
    {
     "exc": "RuntimeError: ODL 변환 실패(exit 1): Error running opendataloader-pdf CLI. | Error: Could not create the Java Virtual Machine. | Error: A fatal exception has occurred. Program will exit. | raise CalledProcessError(retcode, process.args, | f-cli.jar', '/pdf/KCI_FI002029401.pdf', '--output-dir', '/tmp/tmpfuq1u_dj', '--format', 'markdown,json', '--quiet', '--table-method', 'cluster', '--markdown-page-separator', '\\n<<<ODL_PAGE_BREAK_%page-number%>>>\\n', '--image-output', 'off', '--image-format', 'jpeg']' returned non-zero exit status 1.",
     "child_returncode": 1,
     "stderr_file_bytes": 1219,
     "stderr_file_lines": [
      "Error running opendataloader-pdf CLI.",
      "Return code: 1",
      "Stderr: Picked up JAVA_TOOL_OPTIONS: -Xmx2gb",
      "Invalid maximum heap size: -Xmx2gb",
      "Error: Could not create the Java Virtual Machine.",
      "Error: A fatal exception has occurred. Program will exit.",
      "",
      "Traceback (most recent call last):",
      "  File \"<string>\", line 6, in <module>",
      "  File \"/usr/local/lib/python3.11/dist-packages/opendataloader_pdf/convert_generated.py\", line 158, in convert",
      "    run_jar(args, quiet)",
      "  File \"/usr/local/lib/python3.11/dist-packages/opendataloader_pdf/runner.py\", line 37, in run_jar"
     ],
     "stderr_has_picked_up": true,
     "summary_now": "Error running opendataloader-pdf CLI. | Error: Could not create the Java Virtual Machine. | Error: A fatal exception has occurred. Program will exit. | raise CalledProcessError(retcode, process.args, | f-cli.jar', '/pdf/KCI_FI002029401.pdf', '--output-dir', '/tmp/tmpfuq1u_dj', '--format', 'markdown,json', '--quiet', '--table-method', 'cluster', '--markdown-page-separator', '\\n<<<ODL_PAGE_BREAK_%page-number%>>>\\n', '--image-output', 'off', '--image-format', 'jpeg']' returned non-zero exit status 1.",
     "summary_without_picked_up_line": "Error running opendataloader-pdf CLI. | Error: Could not create the Java Virtual Machine. | Error: A fatal exception has occurred. Program will exit. | raise CalledProcessError(retcode, process.args, | f-cli.jar', '/pdf/KCI_FI002029401.pdf', '--output-dir', '/tmp/tmpfuq1u_dj', '--format', 'markdown,json', '--quiet', '--table-method', 'cluster', '--markdown-page-separator', '\\n<<<ODL_PAGE_BREAK_%page-number%>>>\\n', '--image-output', 'off', '--image-format', 'jpeg']' returned non-zero exit status 1."
    },
    {
     "exc": "RuntimeError: ODL 변환 실패(exit 1): Error running opendataloader-pdf CLI. | Error: Could not create the Java Virtual Machine. | Error: A fatal exception has occurred. Program will exit. | raise CalledProcessError(retcode, process.args, | r-pdf-cli.jar', '/tmp/tmpxfnx6gxd.pdf', '--output-dir', '/tmp/tmpem76on0t', '--format', 'markdown,json', '--quiet', '--table-method', 'cluster', '--markdown-page-separator', '\\n<<<ODL_PAGE_BREAK_%page-number%>>>\\n', '--image-output', 'off', '--image-format', 'jpeg']' returned non-zero exit status 1.",
     "child_returncode": 1,
     "stderr_file_bytes": 1215,
     "stderr_file_lines": [
      "Error running opendataloader-pdf CLI.",
      "Return code: 1",
      "Stderr: Picked up JAVA_TOOL_OPTIONS: -Xmx2gb",
      "Invalid maximum heap size: -Xmx2gb",
      "Error: Could not create the Java Virtual Machine.",
      "Error: A fatal exception has occurred. Program will exit.",
      "",
      "Traceback (most recent call last):",
      "  File \"<string>\", line 6, in <module>",
      "  File \"/usr/local/lib/python3.11/dist-packages/opendataloader_pdf/convert_generated.py\", line 158, in convert",
      "    run_jar(args, quiet)",
      "  File \"/usr/local/lib/python3.11/dist-packages/opendataloader_pdf/runner.py\", line 37, in run_jar"
     ],
     "stderr_has_picked_up": true,
     "summary_now": "Error running opendataloader-pdf CLI. | Error: Could not create the Java Virtual Machine. | Error: A fatal exception has occurred. Program will exit. | raise CalledProcessError(retcode, process.args, | r-pdf-cli.jar', '/tmp/tmpxfnx6gxd.pdf', '--output-dir', '/tmp/tmpem76on0t', '--format', 'markdown,json', '--quiet', '--table-method', 'cluster', '--markdown-page-separator', '\\n<<<ODL_PAGE_BREAK_%page-number%>>>\\n', '--image-output', 'off', '--image-format', 'jpeg']' returned non-zero exit status 1.",
     "summary_without_picked_up_line": "Error running opendataloader-pdf CLI. | Error: Could not create the Java Virtual Machine. | Error: A fatal exception has occurred. Program will exit. | raise CalledProcessError(retcode, process.args, | r-pdf-cli.jar', '/tmp/tmpxfnx6gxd.pdf', '--output-dir', '/tmp/tmpem76on0t', '--format', 'markdown,json', '--quiet', '--table-method', 'cluster', '--markdown-page-separator', '\\n<<<ODL_PAGE_BREAK_%page-number%>>>\\n', '--image-output', 'off', '--image-format', 'jpeg']' returned non-zero exit status 1."
    }
   ]
  }
 ]
}
